
Nageshwar rao@DESKTOP-M0CACF0 MINGW64 ~/Desktop/MyApp
$ git --version
git version 2.27.0.windows.1

Nageshwar rao@DESKTOP-M0CACF0 MINGW64 ~/Desktop/MyApp
$ touch index.html

Nageshwar rao@DESKTOP-M0CACF0 MINGW64 ~/Desktop/MyApp
$ touch app.js

Nageshwar rao@DESKTOP-M0CACF0 MINGW64 ~/Desktop/MyApp
$ git init
Initialized empty Git repository in C:/Users/Nageshwar rao/Desktop/MyApp/.git/

Nageshwar rao@DESKTOP-M0CACF0 MINGW64 ~/Desktop/MyApp (master)
$ git config --global user.name'Amit Yadav'
error: invalid key: user.nameAmit Yadav

Nageshwar rao@DESKTOP-M0CACF0 MINGW64 ~/Desktop/MyApp (master)
$ git config --global user.name 'Amit Yadav'

Nageshwar rao@DESKTOP-M0CACF0 MINGW64 ~/Desktop/MyApp (master)
$ git^C

Nageshwar rao@DESKTOP-M0CACF0 MINGW64 ~/Desktop/MyApp (master)
$ git config --global user.email 'jaiamityadav0123@gmail.com'

Nageshwar rao@DESKTOP-M0CACF0 MINGW64 ~/Desktop/MyApp (master)
$ git add index.html

Nageshwar rao@DESKTOP-M0CACF0 MINGW64 ~/Desktop/MyApp (master)
$ git status
On branch master

No commits yet

Changes to be committed:
  (use "git rm --cached <file>..." to unstage)
        new file:   index.html

Untracked files:
  (use "git add <file>..." to include in what will be committed)
        app.js


Nageshwar rao@DESKTOP-M0CACF0 MINGW64 ~/Desktop/MyApp (master)
$ git rm --cached index.html
rm 'index.html'

Nageshwar rao@DESKTOP-M0CACF0 MINGW64 ~/Desktop/MyApp (master)
$ git status
On branch master

No commits yet

Untracked files:
  (use "git add <file>..." to include in what will be committed)
        app.js
        index.html

nothing added to commit but untracked files present (use "git add" to track)

Nageshwar rao@DESKTOP-M0CACF0 MINGW64 ~/Desktop/MyApp (master)
$ git add *.html

Nageshwar rao@DESKTOP-M0CACF0 MINGW64 ~/Desktop/MyApp (master)
$ git status
On branch master

No commits yet

Changes to be committed:
  (use "git rm --cached <file>..." to unstage)
        new file:   index.html

Untracked files:
  (use "git add <file>..." to include in what will be committed)
        app.js


Nageshwar rao@DESKTOP-M0CACF0 MINGW64 ~/Desktop/MyApp (master)
$ git rm --cached index.html
rm 'index.html'

Nageshwar rao@DESKTOP-M0CACF0 MINGW64 ~/Desktop/MyApp (master)
$ git status
On branch master

No commits yet

Untracked files:
  (use "git add <file>..." to include in what will be committed)
        app.js
        index.html

nothing added to commit but untracked files present (use "git add" to track)

Nageshwar rao@DESKTOP-M0CACF0 MINGW64 ~/Desktop/MyApp (master)
$ git add .

Nageshwar rao@DESKTOP-M0CACF0 MINGW64 ~/Desktop/MyApp (master)
$ git status
On branch master

No commits yet

Changes to be committed:
  (use "git rm --cached <file>..." to unstage)
        new file:   app.js
        new file:   index.html


Nageshwar rao@DESKTOP-M0CACF0 MINGW64 ~/Desktop/MyApp (master)
$ git status
On branch master

No commits yet

Changes to be committed:
  (use "git rm --cached <file>..." to unstage)
        new file:   app.js
        new file:   index.html

Changes not staged for commit:
  (use "git add <file>..." to update what will be committed)
  (use "git restore <file>..." to discard changes in working directory)
        modified:   index.html


Nageshwar rao@DESKTOP-M0CACF0 MINGW64 ~/Desktop/MyApp (master)
$ git add .

Nageshwar rao@DESKTOP-M0CACF0 MINGW64 ~/Desktop/MyApp (master)
$ git status
On branch master

No commits yet

Changes to be committed:
  (use "git rm --cached <file>..." to unstage)
        new file:   app.js
        new file:   index.html


Nageshwar rao@DESKTOP-M0CACF0 MINGW64 ~/Desktop/MyApp (master)
$ git commit
hint: Waiting for your editor to close the file...
Aborting commit due to empty commit message.

Nageshwar rao@DESKTOP-M0CACF0 MINGW64 ~/Desktop/MyApp (master)
$ git status
On branch master

No commits yet

Changes to be committed:
  (use "git rm --cached <file>..." to unstage)
        new file:   app.js
        new file:   index.html

Changes not staged for commit:
  (use "git add <file>..." to update what will be committed)
  (use "git restore <file>..." to discard changes in working directory)
        modified:   app.js


Nageshwar rao@DESKTOP-M0CACF0 MINGW64 ~/Desktop/MyApp (master)
$ get add .
bash: get: command not found

Nageshwar rao@DESKTOP-M0CACF0 MINGW64 ~/Desktop/MyApp (master)
$ git add .

Nageshwar rao@DESKTOP-M0CACF0 MINGW64 ~/Desktop/MyApp (master)
$ git status
On branch master

No commits yet

Changes to be committed:
  (use "git rm --cached <file>..." to unstage)
        new file:   app.js
        new file:   index.html


Nageshwar rao@DESKTOP-M0CACF0 MINGW64 ~/Desktop/MyApp (master)
$ git commit -m 'Changed app.js'
[master (root-commit) 4528773] Changed app.js
 2 files changed, 26 insertions(+)
 create mode 100644 app.js
 create mode 100644 index.html

Nageshwar rao@DESKTOP-M0CACF0 MINGW64 ~/Desktop/MyApp (master)
$ git commit -m 'Changed app.js'
On branch master
nothing to commit, working tree clean

Nageshwar rao@DESKTOP-M0CACF0 MINGW64 ~/Desktop/MyApp (master)
$
